[backblue.gif]
[fade.gif]
[index.html]
[www.fitisimo.dev/index.html]
[www.fitisimo.dev/order-complete.html]
[www.fitisimo.dev/privacy.html]
[www.fitisimo.dev/wp-content/plugins/really-static/static/feed/index.html]
[www.fitisimo.dev/wp-content/plugins/really-static/static/comments/feed/index.html]
[www.fitisimo.dev/wp-content/plugins/really-static/static/home-multi-layer-parallax/feed/index.html]
[www.fitisimo.dev/wp-content/plugins/really-static/static/index.html]
[www.fitisimo.dev/wp-content/themes/salient/wpbakery/js_composer/assets/css/js_composer_front1ac1.css]
[www.fitisimo.dev/wp-content/themes/salient/css/rgs3428.css]
[www.fitisimo.dev/wp-includes/js/jquery/jquery90f9.js]
[www.fitisimo.dev/wp-content/themes/salient/css/font-awesome.minf9b8.css]
[www.fitisimo.dev/wp-content/themes/salient/css/steadysetsf9b8.css]
[www.fitisimo.dev/wp-content/themes/salient/css/lineconf9b8.css]
[www.fitisimo.dev/wp-content/themes/salient/js/modernizr61da.js]
[www.fitisimo.dev/wp-includes/js/jquery/jquery-migrate.min1576.js]
[www.fitisimo.dev/wp-content/uploads/2014/09/Gymtogo-logo-grey.png]
[www.fitisimo.dev/wp-content/uploads/2014/09/Gymtogo-logo-fitted.png]
[www.fitisimo.dev/wp-content/themes/salient/style3428.css]
[www.fitisimo.dev/wp-content/uploads/2014/09/Gymtogo-logo-dark-fitted.png]
[www.fitisimo.dev/wp-content/themes/salient/css/responsive3428.css]
[www.fitisimo.dev/wp-content/themes/salient/css/ascend3428.css]
[www.fitisimo.dev/wp-content/uploads/2014/05/boy-lifting-weights-e1400691051759.png]
[www.fitisimo.dev/wp-content/plugins/really-static/static]
[www.fitisimo.dev/wp-content/uploads/2014/05/bg1.png]
[www.fitisimo.dev/wp-content/uploads/2014/05/amazonia.png]
[www.fitisimo.dev/wp-content/uploads/2014/05/fitnessfirst.png]
[www.fitisimo.dev/wp-content/uploads/2014/05/curves.png]
[www.fitisimo.dev/wp-content/uploads/2014/05/lafitness.png]
[raw.githubusercontent.com/davbrau/gymtogo/7baf501db70f4638bd4c6e35bda62ade12da2c66/wp-content/uploads/2014/05/buynowbutton.png]
[www.fitisimo.dev/wp-content/uploads/2014/05/pure.png]
[www.fitisimo.dev/wp-content/uploads/2014/05/johnnym.png]
[www.google-analytics.com/analytics.js]
[www.fitisimo.dev/wp-includes/js/jquery/ui/jquery.ui.core.min2c18.js]
[www.fitisimo.dev/wp-includes/js/jquery/ui/jquery.ui.widget.min2c18.js]
[www.fitisimo.dev/wp-includes/js/jquery/ui/jquery.ui.position.min2c18.js]
[www.fitisimo.dev/wp-includes/js/jquery/ui/jquery.ui.menu.min2c18.js]
[www.fitisimo.dev/wp-includes/js/jquery/ui/jquery.ui.autocomplete.min2c18.js]
[www.fitisimo.dev/wp-content/themes/salient/nectar/assets/functions/ajax-search/wpss-search-suggest.js]
[www.fitisimo.dev/wp-content/themes/salient/js/superfishb493.js]
[www.fitisimo.dev/wp-content/themes/salient/js/respond4963.js]
[www.fitisimo.dev/wp-content/themes/salient/js/nicescrolle248.js]
[www.fitisimo.dev/wp-content/themes/salient/js/sticky5152.js]
[www.fitisimo.dev/wp-content/themes/salient/js/prettyPhoto3428.js]
[www.fitisimo.dev/wp-content/themes/salient/wpbakery/js_composer/assets/lib/flexslider/jquery.flexslider-min1ac1.js]
[www.fitisimo.dev/wp-content/themes/salient/js/isotope.mind5f7.js]
[www.fitisimo.dev/wp-content/themes/salient/js/carouFredSel.minae48.js]
[www.fitisimo.dev/wp-content/themes/salient/js/appear5152.js]
[www.fitisimo.dev/wp-content/themes/salient/js/init3428.js]
[www.fitisimo.dev/wp-content/themes/salient/js/nectar-slider3428.js]
[www.fitisimo.dev/wp-includes/js/comment-reply.minf9b8.js]
[www.fitisimo.dev/wp-content/themes/salient/nectar/love/js/nectar-love5152.js]
[www.fitisimo.dev/wp-content/themes/salient/wpbakery/js_composer/assets/js/js_composer_front1ac1.js]
[www.fitisimo.dev/wp-content/themes/salient/js/parallax5152.js]
[www.fitisimo.dev/wp-content/plugins/really-static/static/wp-content/uploads/2014/05/amazonia.png]
[www.fitisimo.dev/wp-content/plugins/really-static/static/wp-content/uploads/2014/05/fitnessfirst.png]
[www.fitisimo.dev/wp-content/plugins/really-static/static/wp-content/uploads/2014/05/curves.png]
[www.fitisimo.dev/wp-content/plugins/really-static/static/wp-content/uploads/2014/05/lafitness.png]
[www.fitisimo.dev/wp-content/plugins/really-static/static/wp-content/uploads/2014/05/pure.png]
[www.fitisimo.dev/wp-content/plugins/really-static/static/wp-content/uploads/2014/05/johnnym.png]
[www.fitisimo.dev/wp-content/themes/salient/wpbakery/js_composer/assets/images/toggle_open.png]
[www.fitisimo.dev/wp-content/themes/salient/wpbakery/js_composer/assets/images/toggle_close.png]
[www.fitisimo.dev/wp-content/themes/salient/wpbakery/js_composer/assets/images/icons/address-book.png]
[www.fitisimo.dev/wp-content/themes/salient/wpbakery/js_composer/assets/images/icons/alarm-clock.png]
[www.fitisimo.dev/wp-content/themes/salient/wpbakery/js_composer/assets/images/icons/anchor.png]
[www.fitisimo.dev/wp-content/themes/salient/wpbakery/js_composer/assets/images/icons/application-image.png]
[www.fitisimo.dev/wp-content/themes/salient/wpbakery/js_composer/assets/images/icons/arrow.png]
[www.paypalobjects.com/de_DE/i/scr/pixel.gif]
[www.fitisimo.dev/wp-content/themes/salient/wpbakery/js_composer/assets/images/icons/asterisk.png]
[www.fitisimo.dev/wp-content/plugins/really-static/static/order-complete/feed/index.html]
[www.fitisimo.dev/wp-content/plugins/really-static/static/order-complete/index.html]
[www.fitisimo.dev/wp-content/themes/salient/wpbakery/js_composer/assets/images/icons/balloon.png]
[www.fitisimo.dev/wp-content/themes/salient/wpbakery/js_composer/assets/images/icons/auction-hammer.png]
[www.fitisimo.dev/wp-content/plugins/really-static/static/privacy/feed/index.html]
[www.fitisimo.dev/wp-content/plugins/really-static/static/privacy/index.html]
[www.fitisimo.dev/wp-content/themes/salient/wpbakery/js_composer/assets/images/icons/balloon-facebook.png]
[www.fitisimo.dev/wp-content/themes/salient/wpbakery/js_composer/assets/images/icons/balloon-buzz.png]
[www.fitisimo.dev/wp-content/plugins/really-static/static/wp-content/plugins/really-static/static.html]
[www.fitisimo.dev/wp-content/plugins/really-static/static/wp-content/uploads/2014/09/Gymtogo-logo-grey.html]
[www.fitisimo.dev/wp-content/plugins/really-static/static/wp-content/uploads/2014/09/Gymtogo-logo-fitted.html]
[www.fitisimo.dev/wp-content/themes/salient/wpbakery/js_composer/assets/images/icons/battery-full.png]
[www.fitisimo.dev/wp-content/themes/salient/wpbakery/js_composer/assets/images/icons/binocular.png]
[www.fitisimo.dev/wp-content/themes/salient/wpbakery/js_composer/assets/images/icons/balloon-twitter.png]
[www.fitisimo.dev/wp-content/themes/salient/wpbakery/js_composer/assets/images/icons/blue-document-excel.png]
[www.fitisimo.dev/wp-content/plugins/really-static/static/wp-content/uploads/2014/09/Gymtogo-logo-dark-fitted.html]
[www.fitisimo.dev/wp-content/themes/salient/wpbakery/js_composer/assets/images/icons/blue-document-image.png]
[www.fitisimo.dev/wp-content/themes/salient/wpbakery/js_composer/assets/images/icons/blue-document-music.png]
[www.fitisimo.dev/wp-content/themes/salient/wpbakery/js_composer/assets/images/icons/blue-document-pdf.png]
[www.fitisimo.dev/wp-content/themes/salient/wpbakery/js_composer/assets/images/icons/blue-document-office.png]
[www.fitisimo.dev/wp-content/themes/salient/wpbakery/js_composer/assets/images/icons/blue-document-word.png]
[www.fitisimo.dev/wp-content/themes/salient/wpbakery/js_composer/assets/images/icons/blue-document-powerpoint.png]
[www.fitisimo.dev/wp-content/themes/salient/wpbakery/js_composer/assets/images/icons/camcorder.png]
[www.fitisimo.dev/wp-content/themes/salient/wpbakery/js_composer/assets/images/icons/bookmark.png]
[www.fitisimo.dev/wp-content/themes/salient/wpbakery/js_composer/assets/images/icons/camera.png]
[www.fitisimo.dev/wp-content/themes/salient/wpbakery/js_composer/assets/images/icons/chart.png]
[www.fitisimo.dev/wp-content/themes/salient/wpbakery/js_composer/assets/images/icons/clock.png]
[www.fitisimo.dev/wp-content/themes/salient/wpbakery/js_composer/assets/images/icons/chart-pie.png]
[www.fitisimo.dev/wp-content/themes/salient/wpbakery/js_composer/assets/images/icons/fire.png]
[www.fitisimo.dev/wp-content/themes/salient/wpbakery/js_composer/assets/images/icons/control.png]
[www.fitisimo.dev/wp-content/themes/salient/wpbakery/js_composer/assets/images/icons/heart.png]
[www.fitisimo.dev/wp-content/themes/salient/wpbakery/js_composer/assets/images/icons/mail.png]
[www.fitisimo.dev/wp-content/themes/salient/wpbakery/js_composer/assets/images/icons/plus-shield.png]
[www.fitisimo.dev/wp-content/themes/salient/wpbakery/js_composer/assets/images/icons/video.png]
[www.fitisimo.dev/wp-content/themes/salient/wpbakery/js_composer/assets/vc/alert.png]
[www.fitisimo.dev/wp-content/themes/salient/wpbakery/js_composer/assets/images/twitter_bird.png]
[www.fitisimo.dev/wp-content/themes/salient/wpbakery/js_composer/assets/vc/info.png]
[www.fitisimo.dev/wp-content/themes/salient/wpbakery/js_composer/assets/vc/tick.png]
[www.fitisimo.dev/wp-content/themes/salient/wpbakery/js_composer/assets/images/flickr.png]
[www.fitisimo.dev/wp-content/themes/salient/wpbakery/js_composer/assets/vc/exclamation.png]
[www.fitisimo.dev/wp-content/themes/salient/css/fonts/fontawesome-webfontd41d.eot]
[www.fitisimo.dev/wp-content/themes/salient/css/fonts/fontawesome-webfontf77b.eot]
[www.fitisimo.dev/wp-content/themes/salient/css/fonts/fontawesome-webfontf77b.woff]
[www.fitisimo.dev/wp-content/themes/salient/css/fonts/fontawesome-webfont.svg]
[www.fitisimo.dev/wp-content/themes/salient/css/fonts/fontawesome-webfontf77b.ttf]
[www.fitisimo.dev/wp-content/themes/salient/css/fonts/steadysetsd41d.eot]
[www.fitisimo.dev/wp-content/themes/salient/css/fonts/steadysets.eot]
[www.fitisimo.dev/wp-content/themes/salient/css/fonts/steadysets.woff]
[www.fitisimo.dev/wp-content/themes/salient/css/fonts/steadysets.ttf]
[www.fitisimo.dev/wp-content/themes/salient/css/fonts/linecons.eot]
[www.fitisimo.dev/wp-content/themes/salient/css/fonts/steadysets.svg]
[www.fitisimo.dev/wp-content/themes/salient/css/fonts/linecons.ttf]
[www.fitisimo.dev/wp-content/themes/salient/css/fonts/lineconsd41d.eot]
[www.fitisimo.dev/wp-content/themes/salient/css/fonts/linecons.woff]
[www.fitisimo.dev/wp-content/themes/salient/css/fonts/linecons.svg]
[www.fitisimo.dev/wp-content/themes/salient/css/fonts/OpenSans-Light-webfont.eot]
[www.fitisimo.dev/wp-content/themes/salient/css/fonts/OpenSans-Light-webfontd41d.eot]
[www.fitisimo.dev/wp-content/themes/salient/css/fonts/OpenSans-Light-webfont.woff]
[www.fitisimo.dev/wp-content/themes/salient/css/fonts/OpenSans-Light-webfont.ttf]
[www.fitisimo.dev/wp-content/themes/salient/css/fonts/OpenSans-Light-webfont.svg]
[www.fitisimo.dev/wp-content/themes/salient/css/fonts/OpenSans-Regular-webfont.eot]
[www.fitisimo.dev/wp-content/themes/salient/css/fonts/OpenSans-Regular-webfontd41d.eot]
[www.fitisimo.dev/wp-content/themes/salient/css/fonts/OpenSans-Regular-webfont.woff]
[www.fitisimo.dev/wp-content/themes/salient/css/fonts/OpenSans-Regular-webfont.ttf]
[www.fitisimo.dev/wp-content/themes/salient/css/fonts/OpenSans-Regular-webfont.svg]
[www.fitisimo.dev/wp-content/themes/salient/css/fonts/OpenSans-Semibold-webfont.eot]
[www.fitisimo.dev/wp-content/themes/salient/css/fonts/OpenSans-Semibold-webfontd41d.eot]
[www.fitisimo.dev/wp-content/themes/salient/css/fonts/OpenSans-Semibold-webfont.woff]
[www.fitisimo.dev/wp-content/themes/salient/css/fonts/OpenSans-Semibold-webfont.ttf]
[www.fitisimo.dev/wp-content/themes/salient/css/fonts/OpenSans-Semibold-webfont.svg]
[www.fitisimo.dev/wp-content/themes/salient/css/fonts/OpenSansBold-webfont.eot]
[www.fitisimo.dev/wp-content/themes/salient/css/fonts/OpenSansBold-webfont.woff]
[www.fitisimo.dev/wp-content/themes/salient/css/fonts/OpenSansBold-webfontd41d.eot]
[www.fitisimo.dev/wp-content/themes/salient/css/fonts/OpenSansBold-webfont.ttf]
[www.fitisimo.dev/wp-content/themes/salient/img/icons/loading-white-bg.gif]
[www.fitisimo.dev/wp-content/themes/salient/css/fonts/OpenSansBold-webfont.svg]
[www.fitisimo.dev/wp-content/themes/salient/img/icons/mag-glass-mobile.png]
[www.fitisimo.dev/wp-content/themes/salient/img/icons/mag-glass-mobile@2x.png]
[www.fitisimo.dev/wp-content/themes/salient/img/textures/diagonal_line.png]
[www.fitisimo.dev/wp-content/themes/salient/img/icons/social/vimeo-header-black.html]
[www.fitisimo.dev/wp-content/themes/salient/img/icons/nectar-loading.gif]
[www.fitisimo.dev/wp-content/themes/salient/img/icons/social/behance-header-black.html]
[www.fitisimo.dev/wp-content/themes/salient/img/textures/grid.png]
[www.fitisimo.dev/wp-content/themes/salient/img/icons/jplayer.png]
[www.fitisimo.dev/wp-content/themes/salient/img/icons/slider-arrows-small.png]
[www.fitisimo.dev/wp-content/themes/salient/img/transparent.png]
[www.fitisimo.dev/wp-content/themes/salient/img/prettyPhoto/dark_rounded/loader.gif]
[www.fitisimo.dev/wp-content/themes/salient/img/stock/icons/magnify.html]
[www.fitisimo.dev/wp-content/themes/salient/img/stock/icons/link.html]
[www.fitisimo.dev/wp-content/themes/salient/img/stock/icons/image.html]
[www.fitisimo.dev/wp-content/themes/salient/img/stock/icons/video.html]
[www.fitisimo.dev/wp-content/themes/salient/img/icons/social/facebook.html]
[www.fitisimo.dev/wp-content/themes/salient/img/icons/social/twitter.html]
[www.fitisimo.dev/wp-content/themes/salient/img/icons/social/vimeo.html]
[www.fitisimo.dev/wp-content/themes/salient/img/icons/social/dribbble.html]
[www.fitisimo.dev/wp-content/themes/salient/img/icons/social/rss.html]
[www.fitisimo.dev/wp-content/themes/salient/img/icons/social/skype.html]
[www.fitisimo.dev/wp-content/themes/salient/img/icons/social/pinterest.html]
[www.fitisimo.dev/wp-content/themes/salient/img/icons/social/google-plus.html]
[www.fitisimo.dev/wp-content/themes/salient/img/icons/social/tumblr.html]
[www.fitisimo.dev/wp-content/themes/salient/img/icons/social/youtube.html]
[www.fitisimo.dev/wp-content/themes/salient/img/icons/social/linked-in.html]
[www.fitisimo.dev/wp-content/themes/salient/img/icons/quote.png]
[www.fitisimo.dev/wp-content/themes/salient/img/icons/social/behance.html]
[www.fitisimo.dev/wp-content/themes/salient/img/icons/link.png]
[www.fitisimo.dev/wp-content/themes/salient/img/icons/status.png]
[www.fitisimo.dev/wp-content/themes/salient/img/icons/aside.png]
[www.fitisimo.dev/wp-content/themes/salient/img/icons/quote@2x.png]
[www.fitisimo.dev/wp-content/themes/salient/img/icons/social/instagram.html]
[www.fitisimo.dev/wp-content/themes/salient/img/icons/link@2x.png]
[www.fitisimo.dev/wp-content/themes/salient/img/icons/social/vimeo-header.html]
[www.fitisimo.dev/wp-content/themes/salient/img/icons/social/behance-header.html]
[www.fitisimo.dev/wp-content/themes/salient/img/icons/status@2x.png]
[www.fitisimo.dev/wp-content/themes/salient/img/icons/aside@2x.png]
[www.fitisimo.dev/wp-content/themes/salient/img/icons/portfolio-arrows.png]
[www.fitisimo.dev/wp-content/themes/salient/img/icons/portfolio-arrows@2x.png]
[www.fitisimo.dev/wp-content/themes/salient/img/icons/comment-children-line.jpg]
[www.fitisimo.dev/wp-content/themes/salient/css/fonts/icomoon.eot]
[www.fitisimo.dev/wp-content/themes/salient/css/fonts/icomoond41d.eot]
[www.fitisimo.dev/wp-content/themes/salient/css/fonts/icomoon.woff]
[www.fitisimo.dev/wp-content/themes/salient/css/fonts/icomoon.ttf]
[www.fitisimo.dev/wp-content/themes/salient/css/fonts/icomoon.svg]
